I:\Source\IdeaProject\soap\src\main\java\com\example\soap\SoapApplication.java
I:\Source\IdeaProject\soap\src\main\java\com\example\soap\CountryRepository.java
I:\Source\IdeaProject\soap\target\generated-sources\jaxb\io\spring\guides\gs_producing_web_service\package-info.java
I:\Source\IdeaProject\soap\src\main\java\com\example\soap\WebServiceConfig.java
I:\Source\IdeaProject\soap\src\main\java\com\example\soap\CountryEndpoint.java
I:\Source\IdeaProject\soap\target\generated-sources\jaxb\io\spring\guides\gs_producing_web_service\ObjectFactory.java
I:\Source\IdeaProject\soap\target\generated-sources\jaxb\io\spring\guides\gs_producing_web_service\GetCountryResponse.java
I:\Source\IdeaProject\soap\target\generated-sources\jaxb\io\spring\guides\gs_producing_web_service\Currency.java
I:\Source\IdeaProject\soap\target\generated-sources\jaxb\io\spring\guides\gs_producing_web_service\Country.java
I:\Source\IdeaProject\soap\target\generated-sources\jaxb\io\spring\guides\gs_producing_web_service\GetCountryRequest.java
